###############################################################################
#
# IAR ELF Linker V8.11.3.13950/W32 for ARM                03/Feb/2023  23:57:08
# Copyright 2007-2017 IAR Systems AB.
#
#    Output file  =  C:\ee 474\lab2\task2c\Debug\Exe\task2c.out
#    Map file     =  C:\ee 474\lab2\task2c\Debug\List\task2c.map
#    Command line =  
#        -f C:\Users\ariel\AppData\Local\Temp\EWCE42.tmp ("C:\ee
#        474\lab2\task2c\Debug\Obj\cstartup_M.o" "C:\ee
#        474\lab2\task2c\Debug\Obj\main.o" -o "C:\ee
#        474\lab2\task2c\Debug\Exe\task2c.out" --map "C:\ee
#        474\lab2\task2c\Debug\List\task2c.map" --config "C:\Program Files
#        (x86)\IAR Systems\Embedded Workbench
#        8.0\arm\config\linker\TexasInstruments\TM4C1290NC.icf" --semihosting
#        --entry __iar_program_start --vfe --text_out locale)
#
###############################################################################

*******************************************************************************
*** RUNTIME MODEL ATTRIBUTES
***

CppFlavor       = *
__SystemLibrary = DLib
__dlib_version  = 6


*******************************************************************************
*** HEAP SELECTION
***

The basic heap was selected because some modules are built with
size limitations (and not runtime checking), and --advanced_heap
was not specified.


*******************************************************************************
*** PLACEMENT SUMMARY
***

"A0":  place at 0x00000000 { ro section .intvec };
"P1":  place in [from 0x00000000 to 0x000fffff] { ro };
define block CSTACK with size = 32K, alignment = 8 { };
define block HEAP with size = 64K, alignment = 8 { };
"P2":  place in [from 0x20000000 to 0x2003ffff] {
          rw, block CSTACK, block HEAP };

  Section          Kind        Address    Size  Object
  -------          ----        -------    ----  ------
"A0":                                    0x118
  .intvec          const    0x00000000   0x118  cstartup_M.o [1]
                          - 0x00000118   0x118

"P1":                                    0x680
  .text            ro code  0x00000118   0x580  main.o [1]
  .text            ro code  0x00000698    0x40  zero_init3.o [5]
  .text            ro code  0x000006d8    0x28  data_init.o [5]
  .text            ro code  0x00000700    0x22  fpinit_M.o [4]
  .iar.init_table  const    0x00000724    0x10  - Linker created -
  .text            ro code  0x00000734     0x2  cstartup_M.o [1]
  .text            ro code  0x00000738    0x1a  cmain.o [5]
  .text            ro code  0x00000752     0x4  low_level_init.o [3]
  .text            ro code  0x00000756     0x4  exit.o [3]
  .text            ro code  0x0000075a     0x2  cstartup_M.o [1]
  .text            ro code  0x0000075c     0xa  cexit.o [5]
  .text            ro code  0x00000766     0x2  cstartup_M.o [1]
  .text            ro code  0x00000768    0x14  exit.o [6]
  .text            ro code  0x0000077c    0x10  cstartup_M.o [1]
  .text            ro code  0x0000078c     0x2  cstartup_M.o [1]
  .text            ro code  0x0000078e     0x2  cstartup_M.o [1]
  .text            ro code  0x00000790     0x2  cstartup_M.o [1]
  .text            ro code  0x00000792     0x2  cstartup_M.o [1]
  .text            ro code  0x00000794     0x2  cstartup_M.o [1]
  .text            ro code  0x00000796     0x2  cstartup_M.o [1]
  .rodata          const    0x00000798     0x0  zero_init3.o [5]
                          - 0x00000798   0x680

"P2", part 1 of 2:                         0x4
  .bss             zero     0x20000000     0x1  main.o [1]
                          - 0x20000001     0x1

"P2", part 2 of 2:                      0x8000
  CSTACK                    0x20000008  0x8000  <Block>
    CSTACK         uninit   0x20000008  0x8000  <Block tail>
                          - 0x20008008  0x8000


*******************************************************************************
*** INIT TABLE
***

          Address     Size
          -------     ----
Zero (__iar_zero_init3)
    1 destination range, total size 0x1:
          0x20000000   0x1



*******************************************************************************
*** MODULE SUMMARY
***

    Module            ro code  ro data  rw data
    ------            -------  -------  -------
C:\ee 474\lab2\task2c\Debug\Obj: [1]
    cstartup_M.o           34      280
    main.o              1 408                 1
    -------------------------------------------
    Total:              1 442      280        1

command line: [2]
    -------------------------------------------
    Total:

dl7M_tln.a: [3]
    exit.o                  4
    low_level_init.o        4
    -------------------------------------------
    Total:                  8

m7M_tls.a: [4]
    fpinit_M.o             34
    -------------------------------------------
    Total:                 34

rt7M_tl.a: [5]
    cexit.o                10
    cmain.o                26
    data_init.o            40
    zero_init3.o           64
    -------------------------------------------
    Total:                140

shb_l.a: [6]
    exit.o                 20
    -------------------------------------------
    Total:                 20

    Gaps                    2        2
    Linker created                  16   32 768
-----------------------------------------------
    Grand Total:        1 646      298   32 769


*******************************************************************************
*** ENTRY LIST
***

Entry                      Address   Size  Type      Object
-----                      -------   ----  ----      ------
.iar.init_table$$Base   0x00000724          --   Gb  - Linker created -
.iar.init_table$$Limit  0x00000734          --   Gb  - Linker created -
?main                   0x00000739         Code  Gb  cmain.o [5]
CSTACK$$Base            0x20000008          --   Gb  - Linker created -
CSTACK$$Limit           0x20008008          --   Gb  - Linker created -
GPIO_init               0x00000125   0xe0  Code  Gb  main.o [1]
GREENLED_off            0x00000395    0xe  Code  Gb  main.o [1]
GREENLED_on             0x00000383   0x12  Code  Gb  main.o [1]
PortL_Handler           0x00000537   0xcc  Code  Gb  main.o [1]
REDLED_off              0x00000371   0x12  Code  Gb  main.o [1]
REDLED_on               0x0000035f   0x12  Code  Gb  main.o [1]
Region$$Table$$Base     0x00000724          --   Gb  - Linker created -
Region$$Table$$Limit    0x00000734          --   Gb  - Linker created -
TickFct_TrafficLight    0x000003d3   0xbc  Code  Gb  main.o [1]
Timer0A_Handler         0x0000048f   0x48  Code  Gb  main.o [1]
Timer1A_Handler         0x000004d7   0x48  Code  Gb  main.o [1]
Timer2A_Handler         0x0000051f   0x18  Code  Gb  main.o [1]
Timer_init              0x00000205  0x15a  Code  Gb  main.o [1]
TrafficLightState       0x20000000    0x1  Data  Gb  main.o [1]
YELLOWLED_off           0x000003b1    0xe  Code  Gb  main.o [1]
YELLOWLED_on            0x000003a3    0xe  Code  Gb  main.o [1]
__cmain                 0x00000739         Code  Gb  cmain.o [5]
__exit                  0x00000769   0x14  Code  Gb  exit.o [6]
__iar_data_init3        0x000006d9   0x28  Code  Gb  data_init.o [5]
__iar_init_vfp          0x00000701         Code  Gb  fpinit_M.o [4]
__iar_program_start     0x0000077d   0x10  Code  Gb  cstartup_M.o [1]
__iar_systems$$module {Abs}
                        0x00000001         Data  Gb  command line/config [2]
__iar_zero_init3        0x00000699   0x40  Code  Gb  zero_init3.o [5]
__low_level_init        0x00000753    0x4  Code  Gb  low_level_init.o [3]
__vector_table          0x00000000  0x118  Data  Gb  cstartup_M.o [1]
_call_main              0x00000745         Code  Gb  cmain.o [5]
_exit                   0x0000075d         Code  Gb  cexit.o [5]
_main                   0x0000074f         Code  Gb  cmain.o [5]
exit                    0x00000757    0x4  Code  Gb  exit.o [3]
main                    0x00000119    0xc  Code  Gb  main.o [1]
pedestrianSwitch_input  0x000003c9    0xa  Code  Gb  main.o [1]
systemSwitch_input      0x000003bf    0xa  Code  Gb  main.o [1]


[1] = C:\ee 474\lab2\task2c\Debug\Obj
[2] = command line
[3] = dl7M_tln.a
[4] = m7M_tls.a
[5] = rt7M_tl.a
[6] = shb_l.a

   1 646 bytes of readonly  code memory
     298 bytes of readonly  data memory
  32 769 bytes of readwrite data memory

Errors: none
Warnings: none
