###############################################################################
#
# IAR ELF Linker V8.11.3.13950/W32 for ARM                03/Feb/2023  23:04:13
# Copyright 2007-2017 IAR Systems AB.
#
#    Output file  =  C:\ee 474\lab2\task2a\Debug\Exe\task2a.out
#    Map file     =  C:\ee 474\lab2\task2a\Debug\List\task2a.map
#    Command line =  
#        -f C:\Users\ariel\AppData\Local\Temp\EW54DD.tmp ("C:\ee
#        474\lab2\task2a\Debug\Obj\cstartup_M.o" "C:\ee
#        474\lab2\task2a\Debug\Obj\main.o" -o "C:\ee
#        474\lab2\task2a\Debug\Exe\task2a.out" --map "C:\ee
#        474\lab2\task2a\Debug\List\task2a.map" --config "C:\Program Files
#        (x86)\IAR Systems\Embedded Workbench
#        8.0\arm\config\linker\TexasInstruments\TM4C1290NC.icf" --semihosting
#        --entry __iar_program_start --vfe --text_out locale)
#
###############################################################################

*******************************************************************************
*** RUNTIME MODEL ATTRIBUTES
***

CppFlavor       = *
__SystemLibrary = DLib
__dlib_version  = 6


*******************************************************************************
*** HEAP SELECTION
***

The basic heap was selected because some modules are built with
size limitations (and not runtime checking), and --advanced_heap
was not specified.


*******************************************************************************
*** PLACEMENT SUMMARY
***

"A0":  place at 0x00000000 { ro section .intvec };
"P1":  place in [from 0x00000000 to 0x000fffff] { ro };
define block CSTACK with size = 32K, alignment = 8 { };
define block HEAP with size = 64K, alignment = 8 { };
"P2":  place in [from 0x20000000 to 0x2003ffff] {
          rw, block CSTACK, block HEAP };

  Section          Kind        Address    Size  Object
  -------          ----        -------    ----  ------
"A0":                                     0x90
  .intvec          const    0x00000000    0x90  cstartup_M.o [1]
                          - 0x00000090    0x90

"P1":                                    0x2ac
  .text            ro code  0x00000090   0x1ac  main.o [1]
  .text            ro code  0x0000023c    0x40  zero_init3.o [5]
  .text            ro code  0x0000027c    0x28  data_init.o [5]
  .text            ro code  0x000002a4    0x22  fpinit_M.o [4]
  .iar.init_table  const    0x000002c8    0x10  - Linker created -
  .text            ro code  0x000002d8     0x2  cstartup_M.o [1]
  .text            ro code  0x000002dc    0x1a  cmain.o [5]
  .text            ro code  0x000002f6     0x4  low_level_init.o [3]
  .text            ro code  0x000002fa     0x4  exit.o [3]
  .text            ro code  0x000002fe     0x2  cstartup_M.o [1]
  .text            ro code  0x00000300     0xa  cexit.o [5]
  .text            ro code  0x0000030a     0x2  cstartup_M.o [1]
  .text            ro code  0x0000030c    0x14  exit.o [6]
  .text            ro code  0x00000320    0x10  cstartup_M.o [1]
  .text            ro code  0x00000330     0x2  cstartup_M.o [1]
  .text            ro code  0x00000332     0x2  cstartup_M.o [1]
  .text            ro code  0x00000334     0x2  cstartup_M.o [1]
  .text            ro code  0x00000336     0x2  cstartup_M.o [1]
  .text            ro code  0x00000338     0x2  cstartup_M.o [1]
  .text            ro code  0x0000033a     0x2  cstartup_M.o [1]
  .rodata          const    0x0000033c     0x0  zero_init3.o [5]
                          - 0x0000033c   0x2ac

"P2", part 1 of 2:                         0x4
  .bss             zero     0x20000000     0x4  main.o [1]
                          - 0x20000004     0x4

"P2", part 2 of 2:                      0x8000
  CSTACK                    0x20000008  0x8000  <Block>
    CSTACK         uninit   0x20000008  0x8000  <Block tail>
                          - 0x20008008  0x8000


*******************************************************************************
*** INIT TABLE
***

          Address     Size
          -------     ----
Zero (__iar_zero_init3)
    1 destination range, total size 0x4:
          0x20000000   0x4



*******************************************************************************
*** MODULE SUMMARY
***

    Module            ro code  ro data  rw data
    ------            -------  -------  -------
C:\ee 474\lab2\task2a\Debug\Obj: [1]
    cstartup_M.o           34      144
    main.o                428                 4
    -------------------------------------------
    Total:                462      144        4

command line: [2]
    -------------------------------------------
    Total:

dl7M_tln.a: [3]
    exit.o                  4
    low_level_init.o        4
    -------------------------------------------
    Total:                  8

m7M_tls.a: [4]
    fpinit_M.o             34
    -------------------------------------------
    Total:                 34

rt7M_tl.a: [5]
    cexit.o                10
    cmain.o                26
    data_init.o            40
    zero_init3.o           64
    -------------------------------------------
    Total:                140

shb_l.a: [6]
    exit.o                 20
    -------------------------------------------
    Total:                 20

    Gaps                    2        2
    Linker created                  16   32 768
-----------------------------------------------
    Grand Total:          666      162   32 772


*******************************************************************************
*** ENTRY LIST
***

Entry                      Address  Size  Type      Object
-----                      -------  ----  ----      ------
.iar.init_table$$Base   0x000002c8         --   Gb  - Linker created -
.iar.init_table$$Limit  0x000002d8         --   Gb  - Linker created -
?main                   0x000002dd        Code  Gb  cmain.o [5]
CSTACK$$Base            0x20000008         --   Gb  - Linker created -
CSTACK$$Limit           0x20008008         --   Gb  - Linker created -
GPIO_init               0x0000009d  0x44  Code  Gb  main.o [1]
Region$$Table$$Base     0x000002c8         --   Gb  - Linker created -
Region$$Table$$Limit    0x000002d8         --   Gb  - Linker created -
TickFct_Pattern         0x0000015d  0x68  Code  Gb  main.o [1]
Timer0A_Handler         0x000001c5  0x32  Code  Gb  main.o [1]
Timer_init              0x000000e1  0x7c  Code  Gb  main.o [1]
__cmain                 0x000002dd        Code  Gb  cmain.o [5]
__exit                  0x0000030d  0x14  Code  Gb  exit.o [6]
__iar_data_init3        0x0000027d  0x28  Code  Gb  data_init.o [5]
__iar_init_vfp          0x000002a5        Code  Gb  fpinit_M.o [4]
__iar_program_start     0x00000321  0x10  Code  Gb  cstartup_M.o [1]
__iar_systems$$module {Abs}
                        0x00000001        Data  Gb  command line/config [2]
__iar_zero_init3        0x0000023d  0x40  Code  Gb  zero_init3.o [5]
__low_level_init        0x000002f7   0x4  Code  Gb  low_level_init.o [3]
__vector_table          0x00000000  0x90  Data  Gb  cstartup_M.o [1]
_call_main              0x000002e9        Code  Gb  cmain.o [5]
_exit                   0x00000301        Code  Gb  cexit.o [5]
_main                   0x000002f3        Code  Gb  cmain.o [5]
counter                 0x20000000   0x4  Data  Gb  main.o [1]
exit                    0x000002fb   0x4  Code  Gb  exit.o [3]
main                    0x00000091   0xc  Code  Gb  main.o [1]


[1] = C:\ee 474\lab2\task2a\Debug\Obj
[2] = command line
[3] = dl7M_tln.a
[4] = m7M_tls.a
[5] = rt7M_tl.a
[6] = shb_l.a

     666 bytes of readonly  code memory
     162 bytes of readonly  data memory
  32 772 bytes of readwrite data memory

Errors: none
Warnings: none
