###############################################################################
#
# IAR ELF Linker V8.11.3.13950/W32 for ARM                02/Feb/2023  21:20:41
# Copyright 2007-2017 IAR Systems AB.
#
#    Output file  =  C:\ee 474\lab2\task1b\Debug\Exe\task1b.out
#    Map file     =  C:\ee 474\lab2\task1b\Debug\List\task1b.map
#    Command line =  
#        -f C:\Users\ariel\AppData\Local\Temp\EWD879.tmp ("C:\ee
#        474\lab2\task1b\Debug\Obj\main.o" -o "C:\ee
#        474\lab2\task1b\Debug\Exe\task1b.out" --map "C:\ee
#        474\lab2\task1b\Debug\List\task1b.map" --config "C:\Program Files
#        (x86)\IAR Systems\Embedded Workbench
#        8.0\arm\config\linker\TexasInstruments\TM4C1290NC.icf" --semihosting
#        --entry __iar_program_start --vfe --text_out locale)
#
###############################################################################

*******************************************************************************
*** RUNTIME MODEL ATTRIBUTES
***

CppFlavor       = *
__SystemLibrary = DLib
__dlib_version  = 6


*******************************************************************************
*** HEAP SELECTION
***

The basic heap was selected because some modules are built with
size limitations (and not runtime checking), and --advanced_heap
was not specified.


*******************************************************************************
*** PLACEMENT SUMMARY
***

"A0":  place at 0x00000000 { ro section .intvec };
"P1":  place in [from 0x00000000 to 0x000fffff] { ro };
define block CSTACK with size = 32K, alignment = 8 { };
define block HEAP with size = 64K, alignment = 8 { };
"P2":  place in [from 0x20000000 to 0x2003ffff] {
          rw, block CSTACK, block HEAP };

  Section          Kind        Address    Size  Object
  -------          ----        -------    ----  ------
"A0":                                     0x40
  .intvec          ro code  0x00000000    0x40  vector_table_M.o [5]
                          - 0x00000040    0x40

"P1":                                    0x54c
  .text            ro code  0x00000040   0x45c  main.o [1]
  .text            ro code  0x0000049c    0x40  zero_init3.o [5]
  .text            ro code  0x000004dc    0x28  data_init.o [5]
  .text            ro code  0x00000504    0x22  fpinit_M.o [4]
  .iar.init_table  const    0x00000528    0x10  - Linker created -
  .text            ro code  0x00000538     0x2  vector_table_M.o [5]
  .text            ro code  0x0000053c    0x1a  cmain.o [5]
  .text            ro code  0x00000556     0x4  low_level_init.o [3]
  .text            ro code  0x0000055a     0x4  exit.o [3]
  .text            ro code  0x00000560     0xa  cexit.o [5]
  .text            ro code  0x0000056c    0x14  exit.o [6]
  .text            ro code  0x00000580     0xc  cstartup_M.o [5]
  .rodata          const    0x0000058c     0x0  zero_init3.o [5]
                          - 0x0000058c   0x54c

"P2", part 1 of 2:                         0x4
  .bss             zero     0x20000000     0x1  main.o [1]
                          - 0x20000001     0x1

"P2", part 2 of 2:                      0x8000
  CSTACK                    0x20000008  0x8000  <Block>
    CSTACK         uninit   0x20000008  0x8000  <Block tail>
                          - 0x20008008  0x8000


*******************************************************************************
*** INIT TABLE
***

          Address     Size
          -------     ----
Zero (__iar_zero_init3)
    1 destination range, total size 0x1:
          0x20000000   0x1



*******************************************************************************
*** MODULE SUMMARY
***

    Module            ro code  ro data  rw data
    ------            -------  -------  -------
C:\ee 474\lab2\task1b\Debug\Obj: [1]
    main.o              1 116                 1
    -------------------------------------------
    Total:              1 116                 1

command line: [2]
    -------------------------------------------
    Total:

dl7M_tln.a: [3]
    exit.o                  4
    low_level_init.o        4
    -------------------------------------------
    Total:                  8

m7M_tls.a: [4]
    fpinit_M.o             34
    -------------------------------------------
    Total:                 34

rt7M_tl.a: [5]
    cexit.o                10
    cmain.o                26
    cstartup_M.o           12
    data_init.o            40
    vector_table_M.o       66
    zero_init3.o           64
    -------------------------------------------
    Total:                218

shb_l.a: [6]
    exit.o                 20
    -------------------------------------------
    Total:                 20

    Gaps                    6        2
    Linker created                  16   32 768
-----------------------------------------------
    Grand Total:        1 402       18   32 769


*******************************************************************************
*** ENTRY LIST
***

Entry                      Address  Size  Type      Object
-----                      -------  ----  ----      ------
.iar.init_table$$Base   0x00000528         --   Gb  - Linker created -
.iar.init_table$$Limit  0x00000538         --   Gb  - Linker created -
?main                   0x0000053d        Code  Gb  cmain.o [5]
CSTACK$$Base            0x20000008         --   Gb  - Linker created -
CSTACK$$Limit           0x20008008         --   Gb  - Linker created -
GPIO_init               0x00000077  0x80  Code  Gb  main.o [1]
GREENLED_off            0x0000021b   0xe  Code  Gb  main.o [1]
GREENLED_on             0x0000020d   0xe  Code  Gb  main.o [1]
REDLED_off              0x000001ff   0xe  Code  Gb  main.o [1]
REDLED_on               0x000001f1   0xe  Code  Gb  main.o [1]
Region$$Table$$Base     0x00000528         --   Gb  - Linker created -
Region$$Table$$Limit    0x00000538         --   Gb  - Linker created -
TickFct_TrafficLight    0x00000259  0xbc  Code  Gb  main.o [1]
Timer_init              0x000000f7  0xfa  Code  Gb  main.o [1]
TrafficLightState       0x20000000   0x1  Data  Gb  main.o [1]
YELLOWLED_off           0x00000237   0xe  Code  Gb  main.o [1]
YELLOWLED_on            0x00000229   0xe  Code  Gb  main.o [1]
__cmain                 0x0000053d        Code  Gb  cmain.o [5]
__exit                  0x0000056d  0x14  Code  Gb  exit.o [6]
__iar_data_init3        0x000004dd  0x28  Code  Gb  data_init.o [5]
__iar_init_vfp          0x00000505        Code  Gb  fpinit_M.o [4]
__iar_program_start     0x00000581        Code  Gb  cstartup_M.o [5]
__iar_systems$$module {Abs}
                        0x00000001        Data  Gb  command line/config [2]
__iar_zero_init3        0x0000049d  0x40  Code  Gb  zero_init3.o [5]
__low_level_init        0x00000557   0x4  Code  Gb  low_level_init.o [3]
__vector_table          0x00000000        Data  Gb  vector_table_M.o [5]
_call_main              0x00000549        Code  Gb  cmain.o [5]
_exit                   0x00000561        Code  Gb  cexit.o [5]
_main                   0x00000553        Code  Gb  cmain.o [5]
exit                    0x0000055b   0x4  Code  Gb  exit.o [3]
main                    0x00000041  0x36  Code  Gb  main.o [1]
pedestrianButtonHandler
                        0x000003a1  0x8c  Code  Gb  main.o [1]
pedestrianSwitch_input  0x0000024f   0xa  Code  Gb  main.o [1]
powerButtonHandler      0x00000315  0x8c  Code  Gb  main.o [1]
systemSwitch_input      0x00000245   0xa  Code  Gb  main.o [1]


[1] = C:\ee 474\lab2\task1b\Debug\Obj
[2] = command line
[3] = dl7M_tln.a
[4] = m7M_tls.a
[5] = rt7M_tl.a
[6] = shb_l.a

   1 402 bytes of readonly  code memory
      18 bytes of readonly  data memory
  32 769 bytes of readwrite data memory

Errors: none
Warnings: none
